// Jest Snapshot v1, https://goo.gl/fbAQLP

exports[`Loading should render initial layout 1`] = `
Array [
  <Loading
    isLoading={true}
  />,
]
`;
