// Jest Snapshot v1, https://goo.gl/fbAQLP

exports[`Header renders Cardzzz! 1`] = `
<header
  id="header"
>
  <div
    classname="card-header"
  >
    <h1>
      Cardzzz!
    </h1>
  </div>
</header>
`;
