// Jest Snapshot v1, https://goo.gl/fbAQLP

exports[`Loading renders Loading... 1`] = `null`;
